[azim.commonsupport.com/Fionca/index.html]
[backblue.gif]
[fade.gif]
[index.html]
[azim.commonsupport.com/Fionca/assets/images/favicon.ico]
[azim.commonsupport.com/Fionca/assets/css/font-awesome-all.css]
[azim.commonsupport.com/Fionca/assets/css/flaticon.css]
[azim.commonsupport.com/Fionca/assets/css/owl.css]
[azim.commonsupport.com/Fionca/assets/css/bootstrap.css]
[azim.commonsupport.com/Fionca/assets/css/jquery.fancybox.min.css]
[azim.commonsupport.com/Fionca/assets/css/animate.css]
[azim.commonsupport.com/Fionca/assets/css/color.css]
[azim.commonsupport.com/Fionca/assets/css/rtl.css]
[azim.commonsupport.com/Fionca/assets/css/style.css]
[azim.commonsupport.com/Fionca/assets/css/responsive.css]
[azim.commonsupport.com/Fionca/index-2.html]
[azim.commonsupport.com/Fionca/assets/images/logo.png]
[azim.commonsupport.com/Fionca/index-3.html]
[azim.commonsupport.com/Fionca/index-4.html]
[azim.commonsupport.com/Fionca/index-5.html]
[azim.commonsupport.com/Fionca/index-6.html]
[azim.commonsupport.com/Fionca/index-onepage.html]
[azim.commonsupport.com/Fionca/about-1.html]
[azim.commonsupport.com/Fionca/about-2.html]
[azim.commonsupport.com/Fionca/team.html]
[azim.commonsupport.com/Fionca/pricing.html]
[azim.commonsupport.com/Fionca/error.html]
[azim.commonsupport.com/Fionca/service-1.html]
[azim.commonsupport.com/Fionca/service-2.html]
[azim.commonsupport.com/Fionca/financial-analysis.html]
[azim.commonsupport.com/Fionca/taxation-planning.html]
[azim.commonsupport.com/Fionca/investment-trading.html]
[azim.commonsupport.com/Fionca/wealth-marketing.html]
[azim.commonsupport.com/Fionca/planning-strategies.html]
[azim.commonsupport.com/Fionca/feature-element-1.html]
[azim.commonsupport.com/Fionca/feature-element-2.html]
[azim.commonsupport.com/Fionca/feature-element-3.html]
[azim.commonsupport.com/Fionca/about-element-1.html]
[azim.commonsupport.com/Fionca/about-element-2.html]
[azim.commonsupport.com/Fionca/about-element-3.html]
[azim.commonsupport.com/Fionca/about-element-4.html]
[azim.commonsupport.com/Fionca/stats-element.html]
[azim.commonsupport.com/Fionca/news-element-1.html]
[azim.commonsupport.com/Fionca/news-element-2.html]
[azim.commonsupport.com/Fionca/funfact-element-1.html]
[azim.commonsupport.com/Fionca/funfact-element-2.html]
[azim.commonsupport.com/Fionca/service-element-1.html]
[azim.commonsupport.com/Fionca/service-element-2.html]
[azim.commonsupport.com/Fionca/skills-element.html]
[azim.commonsupport.com/Fionca/clients-element.html]
[azim.commonsupport.com/Fionca/team-element-1.html]
[azim.commonsupport.com/Fionca/team-element-2.html]
[azim.commonsupport.com/Fionca/pricing-element.html]
[azim.commonsupport.com/Fionca/testimonial-element-1.html]
[azim.commonsupport.com/Fionca/testimonial-element-2.html]
[azim.commonsupport.com/Fionca/testimonial-element-3.html]
[azim.commonsupport.com/Fionca/work-element-1.html]
[azim.commonsupport.com/Fionca/work-element-2.html]
[azim.commonsupport.com/Fionca/project-element-1.html]
[azim.commonsupport.com/Fionca/project-element-2.html]
[azim.commonsupport.com/Fionca/chart-element.html]
[azim.commonsupport.com/Fionca/footer-element-1.html]
[azim.commonsupport.com/Fionca/footer-element-2.html]
[azim.commonsupport.com/Fionca/footer-element-3.html]
[azim.commonsupport.com/Fionca/footer-element-4.html]
[azim.commonsupport.com/Fionca/footer-element-5.html]
[azim.commonsupport.com/Fionca/blog-grid.html]
[azim.commonsupport.com/Fionca/blog-classic.html]
[azim.commonsupport.com/Fionca/blog-details.html]
[azim.commonsupport.com/Fionca/contact.html]
[azim.commonsupport.com/Fionca/assets/images/small-logo.png]
[azim.commonsupport.com/Fionca/assets/images/mobile-logo.png]
[azim.commonsupport.com/Fionca/assets/images/banner/banner-1.jpg]
[azim.commonsupport.com/Fionca/assets/images/banner/banner-2.jpg]
[azim.commonsupport.com/Fionca/assets/images/banner/banner-3.jpg]
[azim.commonsupport.com/Fionca/assets/images/icons/year-icon.png]
[azim.commonsupport.com/Fionca/assets/images/resource/feature-1.jpg]
[azim.commonsupport.com/Fionca/assets/images/resource/feature-2.jpg]
[azim.commonsupport.com/Fionca/assets/images/resource/feature-3.jpg]
[azim.commonsupport.com/Fionca/assets/images/resource/about-1.jpg]
[azim.commonsupport.com/Fionca/assets/images/gallery/project-1.jpg]
[azim.commonsupport.com/Fionca/assets/images/resource/btn-bg.png]
[azim.commonsupport.com/Fionca/assets/images/gallery/project-2.jpg]
[azim.commonsupport.com/Fionca/assets/images/gallery/project-3.jpg]
[azim.commonsupport.com/Fionca/assets/images/shape/shape-1.png]
[azim.commonsupport.com/Fionca/assets/images/resource/state-1.jpg]
[azim.commonsupport.com/Fionca/assets/images/icons/icon-1.png]
[azim.commonsupport.com/Fionca/assets/images/shape/shape-2.png]
[azim.commonsupport.com/Fionca/assets/images/icons/icon-2.png]
[azim.commonsupport.com/Fionca/assets/images/resource/info-1.jpg]
[azim.commonsupport.com/Fionca/assets/images/icons/info-logo.png]
[azim.commonsupport.com/Fionca/assets/images/background/testimonial-bg.jpg]
[azim.commonsupport.com/Fionca/assets/images/resource/testimonial-1.png]
[azim.commonsupport.com/Fionca/assets/images/resource/testimonial-2.png]
[azim.commonsupport.com/Fionca/assets/images/resource/testimonial-3.png]
[azim.commonsupport.com/Fionca/assets/images/resource/testimonial-4.png]
[azim.commonsupport.com/Fionca/assets/images/resource/testimonial-5.png]
[azim.commonsupport.com/Fionca/assets/images/news/news-1.jpg]
[azim.commonsupport.com/Fionca/assets/images/news/news-2.jpg]
[azim.commonsupport.com/Fionca/assets/images/news/news-3.jpg]
[azim.commonsupport.com/Fionca/assets/images/clients/clients-1.png]
[azim.commonsupport.com/Fionca/assets/images/clients/clients-2.png]
[azim.commonsupport.com/Fionca/assets/images/clients/clients-3.png]
[azim.commonsupport.com/Fionca/assets/images/clients/clients-4.png]
[azim.commonsupport.com/Fionca/assets/images/clients/clients-5.png]
[azim.commonsupport.com/Fionca/assets/images/shape/shape-3.png]
[azim.commonsupport.com/Fionca/assets/images/footer-logo.png]
[azim.commonsupport.com/Fionca/assets/images/sidebar-logo.png]
[azim.commonsupport.com/Fionca/assets/js/jquery.js]
[azim.commonsupport.com/Fionca/assets/js/popper.min.js]
[azim.commonsupport.com/Fionca/assets/js/bootstrap.min.js]
[azim.commonsupport.com/Fionca/assets/js/owl.js]
[azim.commonsupport.com/Fionca/assets/js/wow.js]
[azim.commonsupport.com/Fionca/assets/js/validation.js]
[azim.commonsupport.com/Fionca/assets/js/appear.js]
[azim.commonsupport.com/Fionca/assets/js/jquery.fancybox.js]
[azim.commonsupport.com/Fionca/assets/js/jquery.countTo.js]
[azim.commonsupport.com/Fionca/assets/js/nav-tool.js]
[azim.commonsupport.com/Fionca/assets/js/scrollbar.js]
[azim.commonsupport.com/Fionca/assets/js/TweenMax.min.js]
[azim.commonsupport.com/Fionca/assets/js/circle-progress.js]
[azim.commonsupport.com/Fionca/assets/js/jquery.nice-select.min.js]
[azim.commonsupport.com/Fionca/index.html]
[azim.commonsupport.com/Fionca/assets/js/script.js]
[azim.commonsupport.com/Fionca/assets/fonts/fa-brands-400.eot]
[azim.commonsupport.com/Fionca/assets/fonts/fa-brands-400.woff2]
[azim.commonsupport.com/Fionca/assets/fonts/fa-brands-400d41d.eot]
[azim.commonsupport.com/Fionca/assets/fonts/fa-brands-400.woff]
[azim.commonsupport.com/Fionca/assets/fonts/fa-brands-400.ttf]
[azim.commonsupport.com/Fionca/assets/fonts/fa-brands-400.svg]
[azim.commonsupport.com/Fionca/assets/fonts/fa-regular-400.eot]
[azim.commonsupport.com/Fionca/assets/fonts/fa-regular-400d41d.eot]
[azim.commonsupport.com/Fionca/assets/fonts/fa-regular-400.woff2]
[azim.commonsupport.com/Fionca/assets/fonts/fa-regular-400.woff]
[azim.commonsupport.com/Fionca/assets/fonts/fa-regular-400.svg]
[azim.commonsupport.com/Fionca/assets/fonts/fa-regular-400.ttf]
[azim.commonsupport.com/Fionca/assets/fonts/fa-solid-900d41d.eot]
[azim.commonsupport.com/Fionca/assets/fonts/fa-solid-900.eot]
[azim.commonsupport.com/Fionca/assets/fonts/fa-solid-900.woff2]
[azim.commonsupport.com/Fionca/assets/fonts/fa-solid-900.woff]
[azim.commonsupport.com/Fionca/assets/css/font-awesome-all.css]
[azim.commonsupport.com/Fionca/assets/fonts/Flaticon.eot]
[azim.commonsupport.com/Fionca/assets/fonts/Flaticond41d.eot]
[azim.commonsupport.com/Fionca/assets/fonts/fa-solid-900.ttf]
[azim.commonsupport.com/Fionca/assets/fonts/fa-solid-900.svg]
[azim.commonsupport.com/Fionca/assets/fonts/Flaticon.woff2]
[azim.commonsupport.com/Fionca/assets/fonts/Flaticon.woff]
[azim.commonsupport.com/Fionca/assets/fonts/Flaticon.ttf]
[azim.commonsupport.com/Fionca/assets/css/flaticon.css]
[azim.commonsupport.com/Fionca/assets/css/owl.css]
[azim.commonsupport.com/Fionca/assets/css/bootstrap.css]
[azim.commonsupport.com/Fionca/assets/css/jquery.fancybox.min.css]
[azim.commonsupport.com/Fionca/assets/css/animate.css]
[azim.commonsupport.com/Fionca/assets/css/color.css]
[azim.commonsupport.com/Fionca/assets/css/rtl.css]
[azim.commonsupport.com/Fionca/assets/images/icons/preloader.png]
[azim.commonsupport.com/Fionca/assets/fonts/Flaticon.svg]
[azim.commonsupport.com/Fionca/assets/images/icons/preloader-2.png]
[azim.commonsupport.com/Fionca/assets/images/icons/preloader-3.png]
[azim.commonsupport.com/Fionca/assets/images/icons/preloader-4.png]
[azim.commonsupport.com/Fionca/assets/images/icons/preloader-5.png]
[azim.commonsupport.com/Fionca/assets/css/style.css]
[azim.commonsupport.com/Fionca/assets/images/icons/cross-out.png]
[azim.commonsupport.com/Fionca/assets/css/responsive.css]
[azim.commonsupport.com/Fionca/index-2.html]
[azim.commonsupport.com/Fionca/assets/images/favicon-2.ico]
[azim.commonsupport.com/Fionca/assets/css/nice-select.css]
[azim.commonsupport.com/Fionca/assets/images/logo-2.png]
[azim.commonsupport.com/Fionca/assets/images/small-logo-2.png]
[azim.commonsupport.com/Fionca/assets/images/banner/banner-4.jpg]
[azim.commonsupport.com/Fionca/assets/images/banner/banner-5.jpg]
[azim.commonsupport.com/Fionca/assets/images/banner/banner-6.jpg]
[azim.commonsupport.com/Fionca/assets/images/resource/feature-4.jpg]
[azim.commonsupport.com/Fionca/assets/images/resource/feature-5.jpg]
[azim.commonsupport.com/Fionca/assets/images/resource/feature-6.jpg]
[azim.commonsupport.com/Fionca/assets/images/resource/feature-7.jpg]
[azim.commonsupport.com/Fionca/assets/images/shape/shape-4.png]
[azim.commonsupport.com/Fionca/assets/images/resource/about-2.jpg]
[azim.commonsupport.com/Fionca/assets/images/icons/icon-3.png]
[azim.commonsupport.com/Fionca/assets/images/icons/icon-4.png]
[azim.commonsupport.com/Fionca/assets/images/icons/icon-5.png]
[azim.commonsupport.com/Fionca/assets/images/icons/icon-6.png]
[azim.commonsupport.com/Fionca/assets/images/shape/shape-5.png]
[azim.commonsupport.com/Fionca/assets/images/shape/shape-6.png]
[azim.commonsupport.com/Fionca/assets/images/resource/mission-1.jpg]
[azim.commonsupport.com/Fionca/assets/images/team/team-1.jpg]
[azim.commonsupport.com/Fionca/assets/images/team/team-2.jpg]
[azim.commonsupport.com/Fionca/assets/images/team/team-3.jpg]
[azim.commonsupport.com/Fionca/assets/images/team/team-4.jpg]
[azim.commonsupport.com/Fionca/assets/images/shape/shape-8.png]
[azim.commonsupport.com/Fionca/assets/images/shape/shape-7.png]
[azim.commonsupport.com/Fionca/assets/images/resource/testimonial-6.png]
[azim.commonsupport.com/Fionca/assets/images/resource/testimonial-7.png]
[azim.commonsupport.com/Fionca/assets/images/resource/testimonial-8.png]
[azim.commonsupport.com/Fionca/assets/images/shape/shape-9.png]
[azim.commonsupport.com/Fionca/index-3.html]
[azim.commonsupport.com/Fionca/assets/images/footer-logo-2.png]
[azim.commonsupport.com/Fionca/assets/images/favicon-3.ico]
[azim.commonsupport.com/Fionca/assets/images/logo-3.png]
[azim.commonsupport.com/Fionca/assets/images/small-logo-3.png]
[azim.commonsupport.com/Fionca/assets/images/banner/banner-7.jpg]
[azim.commonsupport.com/Fionca/assets/images/banner/banner-8.jpg]
[azim.commonsupport.com/Fionca/assets/images/banner/banner-9.jpg]
[azim.commonsupport.com/Fionca/assets/images/shape/shape-10.png]
[azim.commonsupport.com/Fionca/assets/images/resource/info-2.jpg]
[azim.commonsupport.com/Fionca/assets/images/service/service-1.jpg]
[azim.commonsupport.com/Fionca/assets/images/service/service-2.jpg]
[azim.commonsupport.com/Fionca/assets/images/service/service-3.jpg]
[azim.commonsupport.com/Fionca/assets/images/shape/shape-11.png]
[azim.commonsupport.com/Fionca/assets/images/resource/chart-1.png]
[azim.commonsupport.com/Fionca/assets/images/gallery/project-4.jpg]
[azim.commonsupport.com/Fionca/assets/images/gallery/project-5.jpg]
[azim.commonsupport.com/Fionca/assets/images/gallery/project-6.jpg]
[azim.commonsupport.com/Fionca/assets/images/gallery/project-7.jpg]
[azim.commonsupport.com/Fionca/assets/images/gallery/project-8.jpg]
[azim.commonsupport.com/Fionca/assets/images/background/pricing-bg.jpg]
[azim.commonsupport.com/Fionca/assets/images/background/contact-1.jpg]
[azim.commonsupport.com/Fionca/assets/images/shape/shape-12.png]
[azim.commonsupport.com/Fionca/assets/images/news/news-4.jpg]
[azim.commonsupport.com/Fionca/assets/images/news/news-5.jpg]
[azim.commonsupport.com/Fionca/assets/images/news/news-6.jpg]
[azim.commonsupport.com/Fionca/index-4.html]
[azim.commonsupport.com/Fionca/assets/images/footer-logo-3.png]
[azim.commonsupport.com/Fionca/assets/images/favicon-4.ico]
[azim.commonsupport.com/Fionca/assets/images/logo-4.png]
[azim.commonsupport.com/Fionca/assets/images/small-logo-4.png]
[azim.commonsupport.com/Fionca/assets/images/banner/banner-10.jpg]
[azim.commonsupport.com/Fionca/assets/images/banner/banner-11.jpg]
[azim.commonsupport.com/Fionca/assets/images/banner/banner-12.jpg]
[azim.commonsupport.com/Fionca/assets/images/shape/shape-13.png]
[azim.commonsupport.com/Fionca/assets/images/icons/anim-icon-1.png]
[azim.commonsupport.com/Fionca/assets/images/icons/anim-icon-2.png]
[azim.commonsupport.com/Fionca/assets/images/icons/text-1.png]
[azim.commonsupport.com/Fionca/assets/images/icons/icon-7.png]
[azim.commonsupport.com/Fionca/assets/images/icons/icon-8.png]
[azim.commonsupport.com/Fionca/assets/images/icons/icon-9.png]
[azim.commonsupport.com/Fionca/assets/images/resource/about-1.png]
[azim.commonsupport.com/Fionca/assets/images/background/work-1.jpg]
[azim.commonsupport.com/Fionca/assets/images/shape/shape-14.png]
[azim.commonsupport.com/Fionca/assets/images/shape/shape-15.png]
[azim.commonsupport.com/Fionca/assets/images/shape/shape-16.png]
[azim.commonsupport.com/Fionca/assets/images/shape/shape-17.png]
[azim.commonsupport.com/Fionca/assets/images/shape/shape-18.png]
[azim.commonsupport.com/Fionca/assets/images/icons/icon-10.png]
[azim.commonsupport.com/Fionca/assets/images/icons/icon-11.png]
[azim.commonsupport.com/Fionca/assets/images/icons/icon-12.png]
[azim.commonsupport.com/Fionca/assets/images/icons/icon-13.png]
[azim.commonsupport.com/Fionca/assets/images/icons/icon-14.png]
[azim.commonsupport.com/Fionca/assets/images/icons/icon-15.png]
[azim.commonsupport.com/Fionca/assets/images/shape/shape-19.png]
[azim.commonsupport.com/Fionca/assets/images/shape/shape-20.png]
[azim.commonsupport.com/Fionca/assets/images/resource/btn-bg-2.png]
[azim.commonsupport.com/Fionca/assets/images/resource/skills-1.jpg]
[azim.commonsupport.com/Fionca/assets/images/icons/anim-icon-3.png]
[azim.commonsupport.com/Fionca/assets/images/shape/shape-21.png]
[azim.commonsupport.com/Fionca/assets/images/gallery/project-9.jpg]
[azim.commonsupport.com/Fionca/assets/images/gallery/project-10.jpg]
[azim.commonsupport.com/Fionca/assets/images/gallery/project-11.jpg]
[azim.commonsupport.com/Fionca/assets/images/gallery/project-12.jpg]
[azim.commonsupport.com/Fionca/assets/images/gallery/project-13.jpg]
[azim.commonsupport.com/Fionca/assets/images/gallery/project-14.jpg]
[azim.commonsupport.com/Fionca/assets/images/gallery/project-15.jpg]
[azim.commonsupport.com/Fionca/assets/images/gallery/project-16.jpg]
[azim.commonsupport.com/Fionca/assets/images/icons/anim-icon-4.png]
[azim.commonsupport.com/Fionca/assets/images/team/team-5.jpg]
[azim.commonsupport.com/Fionca/assets/images/team/team-6.jpg]
[azim.commonsupport.com/Fionca/assets/images/team/team-7.jpg]
[azim.commonsupport.com/Fionca/assets/images/icons/quote.png]
[azim.commonsupport.com/Fionca/assets/images/footer-logo-4.png]
[azim.commonsupport.com/Fionca/index-5.html]
[azim.commonsupport.com/Fionca/assets/js/isotope.js]
[azim.commonsupport.com/Fionca/assets/images/logo-5.png]
[azim.commonsupport.com/Fionca/assets/images/banner/banner-13.jpg]
[azim.commonsupport.com/Fionca/assets/images/banner/banner-14.jpg]
[azim.commonsupport.com/Fionca/assets/images/banner/banner-15.jpg]
[azim.commonsupport.com/Fionca/assets/images/shape/shape-23.png]
[azim.commonsupport.com/Fionca/assets/images/resource/about-3.jpg]
[azim.commonsupport.com/Fionca/assets/images/shape/shape-24.png]
[azim.commonsupport.com/Fionca/assets/images/service/service-4.jpg]
[azim.commonsupport.com/Fionca/assets/images/gallery/project-17.jpg]
[azim.commonsupport.com/Fionca/assets/images/gallery/project-18.jpg]
[azim.commonsupport.com/Fionca/assets/images/background/video-bg.jpg]
[azim.commonsupport.com/Fionca/assets/images/icons/border-1.png]
[azim.commonsupport.com/Fionca/assets/images/icons/border-2.png]
[azim.commonsupport.com/Fionca/assets/images/news/news-7.jpg]
[azim.commonsupport.com/Fionca/assets/images/news/news-8.jpg]
[azim.commonsupport.com/Fionca/assets/images/news/news-9.jpg]
[azim.commonsupport.com/Fionca/index-6.html]
[azim.commonsupport.com/Fionca/index-onepage.html]
[azim.commonsupport.com/Fionca/assets/images/logo-6.png]
[azim.commonsupport.com/Fionca/assets/js/pagenav.js]
[azim.commonsupport.com/Fionca/assets/images/background/page-title.jpg]
[azim.commonsupport.com/Fionca/about-1.html]
[azim.commonsupport.com/Fionca/about-2.html]
[azim.commonsupport.com/Fionca/assets/images/shape/shape-25.png]
[azim.commonsupport.com/Fionca/assets/images/team/team-8.jpg]
[azim.commonsupport.com/Fionca/assets/images/team/team-9.jpg]
[azim.commonsupport.com/Fionca/assets/images/team/team-10.jpg]
[azim.commonsupport.com/Fionca/team.html]
[azim.commonsupport.com/Fionca/pricing.html]
[azim.commonsupport.com/Fionca/error.html]
[azim.commonsupport.com/Fionca/assets/images/background/page-title-2.jpg]
[azim.commonsupport.com/Fionca/service-1.html]
[azim.commonsupport.com/Fionca/assets/images/background/page-title-3.jpg]
[azim.commonsupport.com/Fionca/assets/images/service/service-5.jpg]
[azim.commonsupport.com/Fionca/assets/images/service/service-6.jpg]
[azim.commonsupport.com/Fionca/assets/images/service/service-7.jpg]
[azim.commonsupport.com/Fionca/assets/images/service/service-8.jpg]
[azim.commonsupport.com/Fionca/assets/images/service/service-9.jpg]
[azim.commonsupport.com/Fionca/assets/images/service/service-10.jpg]
[azim.commonsupport.com/Fionca/service-2.html]
[azim.commonsupport.com/Fionca/assets/images/background/contact-2.jpg]
[azim.commonsupport.com/Fionca/assets/images/background/page-title-4.jpg]
[azim.commonsupport.com/Fionca/assets/images/service/service-11.jpg]
[azim.commonsupport.com/Fionca/assets/images/service/service-12.jpg]
[azim.commonsupport.com/Fionca/assets/images/service/service-13.jpg]
[azim.commonsupport.com/Fionca/financial-analysis.html]
[azim.commonsupport.com/Fionca/assets/images/resource/testimonial-9.png]
[azim.commonsupport.com/Fionca/assets/images/service/service-14.jpg]
[azim.commonsupport.com/Fionca/taxation-planning.html]
[azim.commonsupport.com/Fionca/assets/images/service/service-15.jpg]
[azim.commonsupport.com/Fionca/investment-trading.html]
[azim.commonsupport.com/Fionca/assets/images/service/service-16.jpg]
[azim.commonsupport.com/Fionca/wealth-marketing.html]
[azim.commonsupport.com/Fionca/assets/images/service/service-17.jpg]
[azim.commonsupport.com/Fionca/planning-strategies.html]
[azim.commonsupport.com/Fionca/feature-element-1.html]
[azim.commonsupport.com/Fionca/feature-element-2.html]
[azim.commonsupport.com/Fionca/feature-element-3.html]
[azim.commonsupport.com/Fionca/about-element-1.html]
[azim.commonsupport.com/Fionca/about-element-2.html]
[azim.commonsupport.com/Fionca/about-element-3.html]
[azim.commonsupport.com/Fionca/about-element-4.html]
[azim.commonsupport.com/Fionca/stats-element.html]
[azim.commonsupport.com/Fionca/news-element-1.html]
[azim.commonsupport.com/Fionca/news-element-2.html]
[azim.commonsupport.com/Fionca/funfact-element-1.html]
[azim.commonsupport.com/Fionca/funfact-element-2.html]
[azim.commonsupport.com/Fionca/service-element-1.html]
[azim.commonsupport.com/Fionca/service-element-2.html]
[azim.commonsupport.com/Fionca/skills-element.html]
[azim.commonsupport.com/Fionca/clients-element.html]
[azim.commonsupport.com/Fionca/team-element-1.html]
[azim.commonsupport.com/Fionca/team-element-2.html]
[azim.commonsupport.com/Fionca/pricing-element.html]
[azim.commonsupport.com/Fionca/testimonial-element-1.html]
[azim.commonsupport.com/Fionca/testimonial-element-2.html]
[azim.commonsupport.com/Fionca/testimonial-element-3.html]
[azim.commonsupport.com/Fionca/work-element-1.html]
[azim.commonsupport.com/Fionca/work-element-2.html]
[azim.commonsupport.com/Fionca/project-element-1.html]
[azim.commonsupport.com/Fionca/project-element-2.html]
[azim.commonsupport.com/Fionca/chart-element.html]
[azim.commonsupport.com/Fionca/footer-element-1.html]
[azim.commonsupport.com/Fionca/footer-element-2.html]
[azim.commonsupport.com/Fionca/footer-element-3.html]
[azim.commonsupport.com/Fionca/footer-element-4.html]
[azim.commonsupport.com/Fionca/footer-element-5.html]
[azim.commonsupport.com/Fionca/assets/images/background/page-title-5.jpg]
[azim.commonsupport.com/Fionca/assets/images/news/news-10.jpg]
[azim.commonsupport.com/Fionca/assets/images/news/news-11.jpg]
[azim.commonsupport.com/Fionca/assets/images/news/news-12.jpg]
[azim.commonsupport.com/Fionca/assets/images/news/news-13.jpg]
[azim.commonsupport.com/Fionca/assets/images/news/news-14.jpg]
[azim.commonsupport.com/Fionca/assets/images/news/news-15.jpg]
[azim.commonsupport.com/Fionca/blog-grid.html]
[azim.commonsupport.com/Fionca/assets/images/news/news-16.jpg]
[azim.commonsupport.com/Fionca/assets/images/news/news-17.jpg]
[azim.commonsupport.com/Fionca/assets/images/news/news-18.jpg]
[azim.commonsupport.com/Fionca/assets/images/news/news-19.jpg]
[azim.commonsupport.com/Fionca/assets/images/news/post-1.jpg]
[azim.commonsupport.com/Fionca/assets/images/news/post-2.jpg]
[azim.commonsupport.com/Fionca/assets/images/news/post-3.jpg]
[azim.commonsupport.com/Fionca/assets/images/news/gallery-1.jpg]
[azim.commonsupport.com/Fionca/assets/images/news/gallery-2.jpg]
[azim.commonsupport.com/Fionca/assets/images/news/gallery-3.jpg]
[azim.commonsupport.com/Fionca/assets/images/news/gallery-4.jpg]
[azim.commonsupport.com/Fionca/assets/images/news/gallery-5.jpg]
[azim.commonsupport.com/Fionca/assets/images/news/gallery-6.jpg]
[azim.commonsupport.com/Fionca/assets/images/news/gallery-7.jpg]
[azim.commonsupport.com/Fionca/assets/images/news/gallery-8.jpg]
[azim.commonsupport.com/Fionca/assets/images/news/gallery-9.jpg]
[azim.commonsupport.com/Fionca/blog-classic.html]
[azim.commonsupport.com/Fionca/assets/images/news/news-20.jpg]
[azim.commonsupport.com/Fionca/assets/images/news/news-21.jpg]
[azim.commonsupport.com/Fionca/assets/images/news/news-22.jpg]
[azim.commonsupport.com/Fionca/assets/images/news/comment-1.jpg]
[azim.commonsupport.com/Fionca/assets/images/news/comment-2.jpg]
[azim.commonsupport.com/Fionca/blog-details.html]
[azim.commonsupport.com/Fionca/assets/images/background/contact-3.jpg]
[azim.commonsupport.com/Fionca/assets/images/icons/map-marker.png]
[azim.commonsupport.com/Fionca/assets/js/gmaps.js]
[azim.commonsupport.com/Fionca/contact.html]
[azim.commonsupport.com/Fionca/index-7.html]
[azim.commonsupport.com/Fionca/assets/fonts/fa-brands-400.svg]
[azim.commonsupport.com/Fionca/assets/fonts/fa-regular-400.svg]
[azim.commonsupport.com/Fionca/assets/fonts/fa-solid-900.svg]
[azim.commonsupport.com/Fionca/assets/fonts/Flaticon.svg]
[azim.commonsupport.com/Fionca/assets/css/owl.video.play.html]
[azim.commonsupport.com/Fionca/assets/css/nice-select.css]
[azim.commonsupport.com/Fionca/assets/js/map-helper.js]
