[www.thetahmid.com/themes/mediseba-v1.2/index.html]
[backblue.gif]
[fade.gif]
[index.html]
[www.thetahmid.com/themes/mediseba-v1.2/images/favicon.ico]
[www.thetahmid.com/themes/mediseba-v1.2/css/assets/bootstrap.min.css]
[www.thetahmid.com/themes/mediseba-v1.2/css/assets/font-awesome.min.css]
[www.thetahmid.com/themes/mediseba-v1.2/css/assets/animate.css]
[www.thetahmid.com/themes/mediseba-v1.2/css/assets/owl.carousel.min.css]
[www.thetahmid.com/themes/mediseba-v1.2/css/assets/tempusdominus-bootstrap-4.min.css]
[www.thetahmid.com/themes/mediseba-v1.2/css/assets/magnific-popup.css]
[www.thetahmid.com/themes/mediseba-v1.2/css/assets/normalize.css]
[www.thetahmid.com/themes/mediseba-v1.2/css/style.css]
[www.thetahmid.com/themes/mediseba-v1.2/css/assets/responsive.css]
[www.thetahmid.com/themes/mediseba-v1.2/images/phone.png]
[www.thetahmid.com/themes/mediseba-v1.2/images/clock.png]
[www.thetahmid.com/themes/mediseba-v1.2/images/mail.png]
[www.thetahmid.com/themes/mediseba-v1.2/images/heartbeat.png]
[www.thetahmid.com/themes/mediseba-v1.2/images/logo.png]
[www.thetahmid.com/themes/mediseba-v1.2/index-2.html]
[www.thetahmid.com/themes/mediseba-v1.2/index2.html]
[www.thetahmid.com/themes/mediseba-v1.2/index3.html]
[www.thetahmid.com/themes/mediseba-v1.2/index4.html]
[www.thetahmid.com/themes/mediseba-v1.2/06-service-one.html]
[www.thetahmid.com/themes/mediseba-v1.2/07-service-two.html]
[www.thetahmid.com/themes/mediseba-v1.2/08-service-three.html]
[www.thetahmid.com/themes/mediseba-v1.2/09-service-details.html]
[www.thetahmid.com/themes/mediseba-v1.2/05-about-us.html]
[www.thetahmid.com/themes/mediseba-v1.2/12-department-one.html]
[www.thetahmid.com/themes/mediseba-v1.2/13-department-two.html]
[www.thetahmid.com/themes/mediseba-v1.2/14-department-details.html]
[www.thetahmid.com/themes/mediseba-v1.2/15-doctors-one.html]
[www.thetahmid.com/themes/mediseba-v1.2/16-doctors-two.html]
[www.thetahmid.com/themes/mediseba-v1.2/17-doctor-details.html]
[www.thetahmid.com/themes/mediseba-v1.2/18-appointment.html]
[www.thetahmid.com/themes/mediseba-v1.2/10-gallery-one.html]
[www.thetahmid.com/themes/mediseba-v1.2/11-gallery-two.html]
[www.thetahmid.com/themes/mediseba-v1.2/19-pricing.html]
[www.thetahmid.com/themes/mediseba-v1.2/22-404.html]
[www.thetahmid.com/themes/mediseba-v1.2/20-faq-one.html]
[www.thetahmid.com/themes/mediseba-v1.2/21-faq-two.html]
[www.thetahmid.com/themes/mediseba-v1.2/23-coming-soon.html]
[www.thetahmid.com/themes/mediseba-v1.2/27-blog-one.html]
[www.thetahmid.com/themes/mediseba-v1.2/28-blog-two.html]
[www.thetahmid.com/themes/mediseba-v1.2/29-blog-three.html]
[www.thetahmid.com/themes/mediseba-v1.2/30-blog-sidebar-one.html]
[www.thetahmid.com/themes/mediseba-v1.2/31-blog-sidebar-two.html]
[www.thetahmid.com/themes/mediseba-v1.2/32-blog-sidebar-three.html]
[www.thetahmid.com/themes/mediseba-v1.2/33-blog-details.html]
[www.thetahmid.com/themes/mediseba-v1.2/24-contact-one.html]
[www.thetahmid.com/themes/mediseba-v1.2/25-contact-two.html]
[www.thetahmid.com/themes/mediseba-v1.2/26-contact-three.html]
[www.thetahmid.com/themes/mediseba-v1.2/images/mega-img-1.jpg]
[www.thetahmid.com/themes/mediseba-v1.2/images/mega-img-2.jpg]
[www.thetahmid.com/themes/mediseba-v1.2/images/mega-img-5.jpg]
[www.thetahmid.com/themes/mediseba-v1.2/images/m-doc-1.png]
[www.thetahmid.com/themes/mediseba-v1.2/images/m-doc-2.png]
[www.thetahmid.com/themes/mediseba-v1.2/images/service-1.png]
[www.thetahmid.com/themes/mediseba-v1.2/images/service-2.png]
[www.thetahmid.com/themes/mediseba-v1.2/images/service-3.png]
[www.thetahmid.com/themes/mediseba-v1.2/images/service-4.png]
[www.thetahmid.com/themes/mediseba-v1.2/images/service-bg.jpg]
[www.thetahmid.com/themes/mediseba-v1.2/images/service-5.png]
[www.thetahmid.com/themes/mediseba-v1.2/images/service-6.png]
[www.thetahmid.com/themes/mediseba-v1.2/images/service-7.png]
[www.thetahmid.com/themes/mediseba-v1.2/images/service-8.png]
[www.thetahmid.com/themes/mediseba-v1.2/images/heartbeat2.png]
[www.thetahmid.com/themes/mediseba-v1.2/images/dep-1.png]
[www.thetahmid.com/themes/mediseba-v1.2/images/dep-2.png]
[www.thetahmid.com/themes/mediseba-v1.2/images/dep-3.png]
[www.thetahmid.com/themes/mediseba-v1.2/images/dep-4.png]
[www.thetahmid.com/themes/mediseba-v1.2/images/dep-5.png]
[www.thetahmid.com/themes/mediseba-v1.2/images/dep-6.png]
[www.thetahmid.com/themes/mediseba-v1.2/images/dep-7.png]
[www.thetahmid.com/themes/mediseba-v1.2/images/dep-8.png]
[www.thetahmid.com/themes/mediseba-v1.2/images/tab-1.jpg]
[www.thetahmid.com/themes/mediseba-v1.2/images/tab-2.jpg]
[www.thetahmid.com/themes/mediseba-v1.2/images/tab-3.jpg]
[www.thetahmid.com/themes/mediseba-v1.2/images/tab-4.jpg]
[www.thetahmid.com/themes/mediseba-v1.2/images/tab-5.jpg]
[www.thetahmid.com/themes/mediseba-v1.2/images/tab-6.jpg]
[www.thetahmid.com/themes/mediseba-v1.2/images/tab-7.jpg]
[www.thetahmid.com/themes/mediseba-v1.2/images/tab-8.jpg]
[www.thetahmid.com/themes/mediseba-v1.2/images/doc-1.png]
[www.thetahmid.com/themes/mediseba-v1.2/images/doc-2.png]
[www.thetahmid.com/themes/mediseba-v1.2/images/doc-3.png]
[www.thetahmid.com/themes/mediseba-v1.2/images/doc-4.png]
[www.thetahmid.com/themes/mediseba-v1.2/images/patient-1.jpg]
[www.thetahmid.com/themes/mediseba-v1.2/images/patient-2.jpg]
[www.thetahmid.com/themes/mediseba-v1.2/images/gallery-1.jpg]
[www.thetahmid.com/themes/mediseba-v1.2/images/focus.png]
[www.thetahmid.com/themes/mediseba-v1.2/images/gallery-2.jpg]
[www.thetahmid.com/themes/mediseba-v1.2/images/gallery-3.jpg]
[www.thetahmid.com/themes/mediseba-v1.2/images/gallery-4.jpg]
[www.thetahmid.com/themes/mediseba-v1.2/images/gallery-5.jpg]
[www.thetahmid.com/themes/mediseba-v1.2/images/gallery-6.jpg]
[www.thetahmid.com/themes/mediseba-v1.2/images/gallery-7.jpg]
[www.thetahmid.com/themes/mediseba-v1.2/images/gallery-8.jpg]
[www.thetahmid.com/themes/mediseba-v1.2/images/counter-1.png]
[www.thetahmid.com/themes/mediseba-v1.2/images/counter-2.png]
[www.thetahmid.com/themes/mediseba-v1.2/images/counter-3.png]
[www.thetahmid.com/themes/mediseba-v1.2/images/counter-4.png]
[www.thetahmid.com/themes/mediseba-v1.2/images/news-1.jpg]
[www.thetahmid.com/themes/mediseba-v1.2/images/news-2.jpg]
[www.thetahmid.com/themes/mediseba-v1.2/images/news-3.jpg]
[www.thetahmid.com/themes/mediseba-v1.2/images/backtotop.png]
[www.thetahmid.com/themes/mediseba-v1.2/js/assets/popper.min.js]
[www.thetahmid.com/themes/mediseba-v1.2/js/assets/vendor/jquery-1.12.4.min.js]
[www.thetahmid.com/themes/mediseba-v1.2/js/assets/bootstrap.min.js]
[www.thetahmid.com/themes/mediseba-v1.2/js/assets/wow.min.js]
[www.thetahmid.com/themes/mediseba-v1.2/js/assets/owl.carousel.min.js]
[www.thetahmid.com/themes/mediseba-v1.2/js/assets/moment.min.js]
[www.thetahmid.com/themes/mediseba-v1.2/js/assets/tempusdominus-bootstrap-4.min.js]
[www.thetahmid.com/themes/mediseba-v1.2/js/assets/isotope.pkgd.min.js]
[www.thetahmid.com/themes/mediseba-v1.2/js/assets/magnific-popup.min.js]
[www.thetahmid.com/themes/mediseba-v1.2/js/assets/counterup.min.js]
[www.thetahmid.com/themes/mediseba-v1.2/js/assets/waypoints.min.js]
[www.thetahmid.com/themes/mediseba-v1.2/js/assets/smooth-scroll.js]
[www.thetahmid.com/themes/mediseba-v1.2/js/assets/jquery.syotimer.min.js]
[www.thetahmid.com/themes/mediseba-v1.2/js/assets/jquery.meanmenu.min.js]
[www.thetahmid.com/themes/mediseba-v1.2/js/assets/form.js]
[www.thetahmid.com/themes/mediseba-v1.2/js/plugins.js]
[www.thetahmid.com/themes/mediseba-v1.2/js/custom.js]
[www.thetahmid.com/themes/mediseba-v1.2/index.html]
[www.thetahmid.com/themes/mediseba-v1.2/css/assets/bootstrap.min.css]
[www.thetahmid.com/themes/mediseba-v1.2/fonts/fontawesome-webfont3e6e.woff2]
[www.thetahmid.com/themes/mediseba-v1.2/fonts/fontawesome-webfont3e6e.woff]
[www.thetahmid.com/themes/mediseba-v1.2/fonts/fontawesome-webfont3e6e.eot]
[www.thetahmid.com/themes/mediseba-v1.2/fonts/fontawesome-webfontd41d.eot]
[www.thetahmid.com/themes/mediseba-v1.2/css/assets/font-awesome.min.css]
[www.thetahmid.com/themes/mediseba-v1.2/css/assets/animate.css]
[www.thetahmid.com/themes/mediseba-v1.2/fonts/fontawesome-webfont3e6e.svg]
[www.thetahmid.com/themes/mediseba-v1.2/css/assets/owl.carousel.min.css]
[www.thetahmid.com/themes/mediseba-v1.2/css/assets/tempusdominus-bootstrap-4.min.css]
[www.thetahmid.com/themes/mediseba-v1.2/css/assets/magnific-popup.css]
[www.thetahmid.com/themes/mediseba-v1.2/css/assets/normalize.css]
[www.thetahmid.com/themes/mediseba-v1.2/images/bread-bg.jpg]
[www.thetahmid.com/themes/mediseba-v1.2/images/slider-1.jpg]
[www.thetahmid.com/themes/mediseba-v1.2/fonts/fontawesome-webfont3e6e.ttf]
[www.thetahmid.com/themes/mediseba-v1.2/images/slider-2.jpg]
[www.thetahmid.com/themes/mediseba-v1.2/images/hero-bg3.jpg]
[www.thetahmid.com/themes/mediseba-v1.2/images/hero-bg2.jpg]
[www.thetahmid.com/themes/mediseba-v1.2/images/hero-bg4.jpg]
[www.thetahmid.com/themes/mediseba-v1.2/images/counter-bg.jpg]
[www.thetahmid.com/themes/mediseba-v1.2/images/about-bg.jpg]
[www.thetahmid.com/themes/mediseba-v1.2/images/testimonial-bg.jpg]
[www.thetahmid.com/themes/mediseba-v1.2/images/about.jpg]
[www.thetahmid.com/themes/mediseba-v1.2/css/style.css]
[www.thetahmid.com/themes/mediseba-v1.2/css/assets/responsive.css]
[www.thetahmid.com/themes/mediseba-v1.2/index-2.html]
[www.thetahmid.com/themes/mediseba-v1.2/images/location.png]
[www.thetahmid.com/themes/mediseba-v1.2/images/lan-us.png]
[www.thetahmid.com/themes/mediseba-v1.2/images/lan-fra.png]
[www.thetahmid.com/themes/mediseba-v1.2/images/lan-ger.png]
[www.thetahmid.com/themes/mediseba-v1.2/images/lan-spa.png]
[www.thetahmid.com/themes/mediseba-v1.2/images/lan-bra.png]
[www.thetahmid.com/themes/mediseba-v1.2/images/emphone.png]
[www.thetahmid.com/themes/mediseba-v1.2/images/ememail.png]
[www.thetahmid.com/themes/mediseba-v1.2/images/search.png]
[www.thetahmid.com/themes/mediseba-v1.2/images/shopping-cart.png]
[www.thetahmid.com/themes/mediseba-v1.2/images/close-btn.png]
[www.thetahmid.com/themes/mediseba-v1.2/images/cart1.jpg]
[www.thetahmid.com/themes/mediseba-v1.2/images/cart2.jpg]
[www.thetahmid.com/themes/mediseba-v1.2/images/cart3.jpg]
[www.thetahmid.com/themes/mediseba-v1.2/images/cart4.jpg]
[www.thetahmid.com/themes/mediseba-v1.2/images/service-9.png]
[www.thetahmid.com/themes/mediseba-v1.2/index2.html]
[www.thetahmid.com/themes/mediseba-v1.2/images/about-img1.jpg]
[www.thetahmid.com/themes/mediseba-v1.2/index3.html]
[www.thetahmid.com/themes/mediseba-v1.2/index4.html]
[www.thetahmid.com/themes/mediseba-v1.2/06-service-one.html]
[www.thetahmid.com/themes/mediseba-v1.2/images/about-img2.jpg]
[www.thetahmid.com/themes/mediseba-v1.2/07-service-two.html]
[www.thetahmid.com/themes/mediseba-v1.2/08-service-three.html]
[www.thetahmid.com/themes/mediseba-v1.2/images/sd-img.jpg]
[www.thetahmid.com/themes/mediseba-v1.2/images/sd-mdl.jpg]
[www.thetahmid.com/themes/mediseba-v1.2/09-service-details.html]
[www.thetahmid.com/themes/mediseba-v1.2/05-about-us.html]
[www.thetahmid.com/themes/mediseba-v1.2/12-department-one.html]
[www.thetahmid.com/themes/mediseba-v1.2/13-department-two.html]
[www.thetahmid.com/themes/mediseba-v1.2/14-department-details.html]
[www.thetahmid.com/themes/mediseba-v1.2/images/head.png]
[www.thetahmid.com/themes/mediseba-v1.2/images/spe-1.png]
[www.thetahmid.com/themes/mediseba-v1.2/images/spe-2.png]
[www.thetahmid.com/themes/mediseba-v1.2/images/spe-3.png]
[www.thetahmid.com/themes/mediseba-v1.2/images/spe-4.png]
[www.thetahmid.com/themes/mediseba-v1.2/images/spe-5.png]
[www.thetahmid.com/themes/mediseba-v1.2/images/spe-6.png]
[www.thetahmid.com/themes/mediseba-v1.2/images/spe-7.png]
[www.thetahmid.com/themes/mediseba-v1.2/15-doctors-one.html]
[www.thetahmid.com/themes/mediseba-v1.2/16-doctors-two.html]
[www.thetahmid.com/themes/mediseba-v1.2/17-doctor-details.html]
[www.thetahmid.com/themes/mediseba-v1.2/images/spe-8.png]
[www.thetahmid.com/themes/mediseba-v1.2/images/appo.jpg]
[www.thetahmid.com/themes/mediseba-v1.2/18-appointment.html]
[www.thetahmid.com/themes/mediseba-v1.2/images/gallery-9.jpg]
[www.thetahmid.com/themes/mediseba-v1.2/10-gallery-one.html]
[www.thetahmid.com/themes/mediseba-v1.2/images/gallery-10.jpg]
[www.thetahmid.com/themes/mediseba-v1.2/images/gallery-11.jpg]
[www.thetahmid.com/themes/mediseba-v1.2/11-gallery-two.html]
[www.thetahmid.com/themes/mediseba-v1.2/19-pricing.html]
[www.thetahmid.com/themes/mediseba-v1.2/images/gallery-12.jpg]
[www.thetahmid.com/themes/mediseba-v1.2/images/b-heart.png]
[www.thetahmid.com/themes/mediseba-v1.2/22-404.html]
[www.thetahmid.com/themes/mediseba-v1.2/20-faq-one.html]
[www.thetahmid.com/themes/mediseba-v1.2/21-faq-two.html]
[www.thetahmid.com/themes/mediseba-v1.2/23-coming-soon.html]
[www.thetahmid.com/themes/mediseba-v1.2/images/news-4.jpg]
[www.thetahmid.com/themes/mediseba-v1.2/images/news-5.jpg]
[www.thetahmid.com/themes/mediseba-v1.2/images/news-6.jpg]
[www.thetahmid.com/themes/mediseba-v1.2/27-blog-one.html]
[www.thetahmid.com/themes/mediseba-v1.2/images/news-7.jpg]
[www.thetahmid.com/themes/mediseba-v1.2/images/news-8.jpg]
[www.thetahmid.com/themes/mediseba-v1.2/images/news-9.jpg]
[www.thetahmid.com/themes/mediseba-v1.2/images/news-10.jpg]
[www.thetahmid.com/themes/mediseba-v1.2/28-blog-two.html]
[www.thetahmid.com/themes/mediseba-v1.2/29-blog-three.html]
[www.thetahmid.com/themes/mediseba-v1.2/30-blog-sidebar-one.html]
[www.thetahmid.com/themes/mediseba-v1.2/31-blog-sidebar-two.html]
[www.thetahmid.com/themes/mediseba-v1.2/32-blog-sidebar-three.html]
[www.thetahmid.com/themes/mediseba-v1.2/images/testimonial-1.jpg]
[www.thetahmid.com/themes/mediseba-v1.2/33-blog-details.html]
[www.thetahmid.com/themes/mediseba-v1.2/images/testimonial-2.jpg]
[www.thetahmid.com/themes/mediseba-v1.2/js/assets/map.js]
[www.thetahmid.com/themes/mediseba-v1.2/24-contact-one.html]
[www.thetahmid.com/themes/mediseba-v1.2/25-contact-two.html]
[www.thetahmid.com/themes/mediseba-v1.2/26-contact-three.html]
[www.thetahmid.com/themes/mediseba-v1.2/fonts/fontawesome-webfont3e6e.svg]
[www.thetahmid.com/themes/mediseba-v1.2/css/assets/owl.video.play.html]
[www.thetahmid.com/themes/mediseba-v1.2/11-gallery-one.html]
[www.thetahmid.com/themes/mediseba-v1.2/12-gallery-two.html]
[www.thetahmid.com/themes/mediseba-v1.2/17-appointment.html]
